
> react-kavia@0.1.0 start
> cross-env EDIT_MODE=true webpack serve --config .ve/webpack.config.js --mode development

<i> [webpack-dev-server] Project is running at:
<i> [webpack-dev-server] Loopback: http://localhost:3000/, http://[::1]:3000/
<i> [webpack-dev-server] On Your Network (IPv4): http://172.17.0.2:3000/
<i> [webpack-dev-server] Content not from webpack is served from './public' directory
Injecting EditorRootWrapper import: ../.ve/EditorRootWrapper
asset bundle.js 1.45 MiB [emitted] (name: main)
asset index.html 1.92 KiB [emitted]
runtime modules 27.5 KiB 14 modules
modules by path ./node_modules/ 1.27 MiB 39 modules
modules by path ./src/ 24.9 KiB
  modules by path ./src/*.js 13.3 KiB 5 modules
  modules by path ./src/*.css 11.6 KiB
    ./src/index.css 2.23 KiB [built] [code generated]
    + 3 modules
modules by path ./.ve/ 15.1 KiB
  modules by path ./.ve/*.js 10.6 KiB 2 modules
  modules by path ./.ve/*.css 2.93 KiB
    ./.ve/EditorOverlay.css 2.25 KiB [built] [code generated]
    ./node_modules/css-loader/dist/cjs.js!./.ve/EditorOverlay.css 697 bytes [built] [code generated]
  ./.ve/EditorOverlay.jsx 1.58 KiB [built] [code generated]
webpack 5.99.9 compiled successfully in 1710 ms
assets by status 1.92 KiB [cached] 1 asset
assets by path *.js 1.49 MiB
  asset bundle.js 1.47 MiB [emitted] (name: main)
  asset main.8746f11363444bc362e4.hot-update.js 21.3 KiB [emitted] [immutable] [hmr] (name: main)
asset main.8746f11363444bc362e4.hot-update.json 28 bytes [emitted] [immutable] [hmr]
Entrypoint main 1.49 MiB = bundle.js 1.47 MiB main.8746f11363444bc362e4.hot-update.js 21.3 KiB
cached modules 1.31 MiB [cached] 52 modules
runtime modules 27.5 KiB 14 modules
javascript modules 14.1 KiB
  ./src/App.js 7.67 KiB [built] [code generated]
  ./src/LanguageSelect.js 3.3 KiB [built] [code generated]
  ./src/translationAPI.js 3.11 KiB [built] [code generated]
webpack 5.99.9 compiled successfully in 207 ms
